Analysis & Synthesis report for puc251
Sun Jun 22 23:48:28 2025
Quartus II Version 9.1 Build 350 03/24/2010 Service Pack 2 SJ Web Edition


---------------------
; Table of Contents ;
---------------------
  1. Legal Notice
  2. Analysis & Synthesis Summary
  3. Analysis & Synthesis Settings
  4. Parallel Compilation
  5. Analysis & Synthesis Source Files Read
  6. Analysis & Synthesis Resource Usage Summary
  7. Analysis & Synthesis Resource Utilization by Entity
  8. Analysis & Synthesis RAM Summary
  9. State Machine - |puc251|control:inst14|pres_state
 10. User-Specified and Inferred Latches
 11. General Register Statistics
 12. Multiplexer Restructuring Statistics (Restructuring Performed)
 13. Source assignments for lpm_rom0:inst15|altsyncram:altsyncram_component|altsyncram_0371:auto_generated
 14. Parameter Settings for User Entity Instance: lpm_rom0:inst15|altsyncram:altsyncram_component
 15. Parameter Settings for User Entity Instance: BUSMUX:inst7
 16. Parameter Settings for User Entity Instance: port_io:inst8
 17. Parameter Settings for User Entity Instance: BUSMUX:inst9
 18. Parameter Settings for User Entity Instance: port_io:inst6
 19. Parameter Settings for User Entity Instance: BUSMUX:inst13
 20. Parameter Settings for User Entity Instance: BUSMUX:inst10
 21. Parameter Settings for Inferred Entity Instance: ALU:inst|lpm_add_sub:Add0
 22. altsyncram Parameter Settings by Entity Instance
 23. Analysis & Synthesis Messages



----------------
; Legal Notice ;
----------------
Copyright (C) 1991-2010 Altera Corporation
Your use of Altera Corporation's design tools, logic functions 
and other software and tools, and its AMPP partner logic 
functions, and any output files from any of the foregoing 
(including device programming or simulation files), and any 
associated documentation or information are expressly subject 
to the terms and conditions of the Altera Program License 
Subscription Agreement, Altera MegaCore Function License 
Agreement, or other applicable license agreement, including, 
without limitation, that your use is for the sole purpose of 
programming logic devices manufactured by Altera and sold by 
Altera or its authorized distributors.  Please refer to the 
applicable agreement for further details.



+-----------------------------------------------------------------------------------+
; Analysis & Synthesis Summary                                                      ;
+------------------------------------+----------------------------------------------+
; Analysis & Synthesis Status        ; Successful - Sun Jun 22 23:48:28 2025        ;
; Quartus II Version                 ; 9.1 Build 350 03/24/2010 SP 2 SJ Web Edition ;
; Revision Name                      ; puc251                                       ;
; Top-level Entity Name              ; puc251                                       ;
; Family                             ; Cyclone II                                   ;
; Total logic elements               ; 29,849                                       ;
;     Total combinational functions  ; 13,420                                       ;
;     Dedicated logic registers      ; 16,558                                       ;
; Total registers                    ; 16558                                        ;
; Total pins                         ; 75                                           ;
; Total virtual pins                 ; 0                                            ;
; Total memory bits                  ; 32,768                                       ;
; Embedded Multiplier 9-bit elements ; 0                                            ;
; Total PLLs                         ; 0                                            ;
+------------------------------------+----------------------------------------------+


+----------------------------------------------------------------------------------------------------------------------+
; Analysis & Synthesis Settings                                                                                        ;
+----------------------------------------------------------------------------+--------------------+--------------------+
; Option                                                                     ; Setting            ; Default Value      ;
+----------------------------------------------------------------------------+--------------------+--------------------+
; Device                                                                     ; EP2C35F672C6       ;                    ;
; Top-level entity name                                                      ; puc251             ; puc251             ;
; Family name                                                                ; Cyclone II         ; Stratix II         ;
; Use Generated Physical Constraints File                                    ; Off                ;                    ;
; Use smart compilation                                                      ; Off                ; Off                ;
; Enable parallel Assembler and TimeQuest Timing Analyzer during compilation ; On                 ; On                 ;
; Enable compact report table                                                ; Off                ; Off                ;
; Restructure Multiplexers                                                   ; Auto               ; Auto               ;
; Create Debugging Nodes for IP Cores                                        ; Off                ; Off                ;
; Preserve fewer node names                                                  ; On                 ; On                 ;
; Disable OpenCore Plus hardware evaluation                                  ; Off                ; Off                ;
; Verilog Version                                                            ; Verilog_2001       ; Verilog_2001       ;
; VHDL Version                                                               ; VHDL_1993          ; VHDL_1993          ;
; State Machine Processing                                                   ; Auto               ; Auto               ;
; Safe State Machine                                                         ; Off                ; Off                ;
; Extract Verilog State Machines                                             ; On                 ; On                 ;
; Extract VHDL State Machines                                                ; On                 ; On                 ;
; Ignore Verilog initial constructs                                          ; Off                ; Off                ;
; Iteration limit for constant Verilog loops                                 ; 5000               ; 5000               ;
; Iteration limit for non-constant Verilog loops                             ; 250                ; 250                ;
; Add Pass-Through Logic to Inferred RAMs                                    ; On                 ; On                 ;
; Parallel Synthesis                                                         ; On                 ; On                 ;
; DSP Block Balancing                                                        ; Auto               ; Auto               ;
; NOT Gate Push-Back                                                         ; On                 ; On                 ;
; Power-Up Don't Care                                                        ; On                 ; On                 ;
; Remove Redundant Logic Cells                                               ; Off                ; Off                ;
; Remove Duplicate Registers                                                 ; On                 ; On                 ;
; Ignore CARRY Buffers                                                       ; Off                ; Off                ;
; Ignore CASCADE Buffers                                                     ; Off                ; Off                ;
; Ignore GLOBAL Buffers                                                      ; Off                ; Off                ;
; Ignore ROW GLOBAL Buffers                                                  ; Off                ; Off                ;
; Ignore LCELL Buffers                                                       ; Off                ; Off                ;
; Ignore SOFT Buffers                                                        ; On                 ; On                 ;
; Limit AHDL Integers to 32 Bits                                             ; Off                ; Off                ;
; Optimization Technique                                                     ; Balanced           ; Balanced           ;
; Carry Chain Length                                                         ; 70                 ; 70                 ;
; Auto Carry Chains                                                          ; On                 ; On                 ;
; Auto Open-Drain Pins                                                       ; On                 ; On                 ;
; Perform WYSIWYG Primitive Resynthesis                                      ; Off                ; Off                ;
; Auto ROM Replacement                                                       ; On                 ; On                 ;
; Auto RAM Replacement                                                       ; On                 ; On                 ;
; Auto Shift Register Replacement                                            ; Auto               ; Auto               ;
; Auto Clock Enable Replacement                                              ; On                 ; On                 ;
; Strict RAM Replacement                                                     ; Off                ; Off                ;
; Allow Synchronous Control Signals                                          ; On                 ; On                 ;
; Force Use of Synchronous Clear Signals                                     ; Off                ; Off                ;
; Auto RAM to Logic Cell Conversion                                          ; Off                ; Off                ;
; Auto Resource Sharing                                                      ; Off                ; Off                ;
; Allow Any RAM Size For Recognition                                         ; Off                ; Off                ;
; Allow Any ROM Size For Recognition                                         ; Off                ; Off                ;
; Allow Any Shift Register Size For Recognition                              ; Off                ; Off                ;
; Use LogicLock Constraints during Resource Balancing                        ; On                 ; On                 ;
; Ignore translate_off and synthesis_off directives                          ; Off                ; Off                ;
; Timing-Driven Synthesis                                                    ; Off                ; Off                ;
; Show Parameter Settings Tables in Synthesis Report                         ; On                 ; On                 ;
; Ignore Maximum Fan-Out Assignments                                         ; Off                ; Off                ;
; Synchronization Register Chain Length                                      ; 2                  ; 2                  ;
; PowerPlay Power Optimization                                               ; Normal compilation ; Normal compilation ;
; HDL message level                                                          ; Level2             ; Level2             ;
; Suppress Register Optimization Related Messages                            ; Off                ; Off                ;
; Number of Removed Registers Reported in Synthesis Report                   ; 5000               ; 5000               ;
; Number of Inverted Registers Reported in Synthesis Report                  ; 100                ; 100                ;
; Clock MUX Protection                                                       ; On                 ; On                 ;
; Auto Gated Clock Conversion                                                ; Off                ; Off                ;
; Block Design Naming                                                        ; Auto               ; Auto               ;
; SDC constraint protection                                                  ; Off                ; Off                ;
; Synthesis Effort                                                           ; Auto               ; Auto               ;
; Shift Register Replacement - Allow Asynchronous Clear Signal               ; On                 ; On                 ;
; Analysis & Synthesis Message Level                                         ; Medium             ; Medium             ;
; Disable Register Merging Across Hierarchies                                ; Auto               ; Auto               ;
; Resource Aware Inference For Block RAM                                     ; On                 ; On                 ;
+----------------------------------------------------------------------------+--------------------+--------------------+


Parallel compilation was disabled, but you have multiple processors available. Enable parallel compilation to reduce compilation time.
+-------------------------------------+
; Parallel Compilation                ;
+----------------------------+--------+
; Processors                 ; Number ;
+----------------------------+--------+
; Number detected on machine ; 8      ;
; Maximum allowed            ; 1      ;
+----------------------------+--------+


+----------------------------------------------------------------------------------------------------------------------------------------------------------------------------------------+
; Analysis & Synthesis Source Files Read                                                                                                                                                 ;
+----------------------------------+-----------------+------------------------------------+----------------------------------------------------------------------------------------------+
; File Name with User-Entered Path ; Used in Netlist ; File Type                          ; File Name with Absolute Path                                                                 ;
+----------------------------------+-----------------+------------------------------------+----------------------------------------------------------------------------------------------+
; lpm_rom0.vhd                     ; yes             ; User Wizard-Generated File         ; C:/Users/gabri/Downloads/tp1Reconfiguraveis/reconfiguraveis/puc251/lpm_rom0.vhd              ;
; ../stack/stack.vhd               ; yes             ; User VHDL File                     ; C:/Users/gabri/Downloads/tp1Reconfiguraveis/reconfiguraveis/stack/stack.vhd                  ;
; ../prog_cnt/prog_cnt.vhd         ; yes             ; User VHDL File                     ; C:/Users/gabri/Downloads/tp1Reconfiguraveis/reconfiguraveis/prog_cnt/prog_cnt.vhd            ;
; ../Wreg/Wreg.vhd                 ; yes             ; User VHDL File                     ; C:/Users/gabri/Downloads/tp1Reconfiguraveis/reconfiguraveis/Wreg/Wreg.vhd                    ;
; ../reg_bank/reg_bank.vhd         ; yes             ; User VHDL File                     ; C:/Users/gabri/Downloads/tp1Reconfiguraveis/reconfiguraveis/reg_bank/reg_bank.vhd            ;
; ../ALU/ALU.vhd                   ; yes             ; User VHDL File                     ; C:/Users/gabri/Downloads/tp1Reconfiguraveis/reconfiguraveis/ALU/ALU.vhd                      ;
; ../port_io/port_io.vhd           ; yes             ; User VHDL File                     ; C:/Users/gabri/Downloads/tp1Reconfiguraveis/reconfiguraveis/port_io/port_io.vhd              ;
; ../ram_2048x8/ram_2048x8.vhd     ; yes             ; User VHDL File                     ; C:/Users/gabri/Downloads/tp1Reconfiguraveis/reconfiguraveis/ram_2048x8/ram_2048x8.vhd        ;
; control.vhd                      ; yes             ; User VHDL File                     ; C:/Users/gabri/Downloads/tp1Reconfiguraveis/reconfiguraveis/puc251/control.vhd               ;
; puc251.bdf                       ; yes             ; User Block Diagram/Schematic File  ; C:/Users/gabri/Downloads/tp1Reconfiguraveis/reconfiguraveis/puc251/puc251.bdf                ;
; puc251.mif                       ; yes             ; User Memory Initialization File    ; C:/Users/gabri/Downloads/tp1Reconfiguraveis/reconfiguraveis/puc251/puc251.mif                ;
; altsyncram.tdf                   ; yes             ; Megafunction                       ; c:/users/gabri/downloads/altera/altera/91sp2/quartus/libraries/megafunctions/altsyncram.tdf  ;
; db/altsyncram_0371.tdf           ; yes             ; Auto-Generated Megafunction        ; C:/Users/gabri/Downloads/tp1Reconfiguraveis/reconfiguraveis/puc251/db/altsyncram_0371.tdf    ;
; busmux.tdf                       ; yes             ; Megafunction                       ; c:/users/gabri/downloads/altera/altera/91sp2/quartus/libraries/megafunctions/busmux.tdf      ;
; lpm_mux.tdf                      ; yes             ; Megafunction                       ; c:/users/gabri/downloads/altera/altera/91sp2/quartus/libraries/megafunctions/lpm_mux.tdf     ;
; db/mux_smc.tdf                   ; yes             ; Auto-Generated Megafunction        ; C:/Users/gabri/Downloads/tp1Reconfiguraveis/reconfiguraveis/puc251/db/mux_smc.tdf            ;
; lpm_add_sub.tdf                  ; yes             ; Megafunction                       ; c:/users/gabri/downloads/altera/altera/91sp2/quartus/libraries/megafunctions/lpm_add_sub.tdf ;
; db/add_sub_rpi.tdf               ; yes             ; Auto-Generated Megafunction        ; C:/Users/gabri/Downloads/tp1Reconfiguraveis/reconfiguraveis/puc251/db/add_sub_rpi.tdf        ;
+----------------------------------+-----------------+------------------------------------+----------------------------------------------------------------------------------------------+


+------------------------------------------------------+
; Analysis & Synthesis Resource Usage Summary          ;
+---------------------------------------------+--------+
; Resource                                    ; Usage  ;
+---------------------------------------------+--------+
; Estimated Total logic elements              ; 29,849 ;
;                                             ;        ;
; Total combinational functions               ; 13420  ;
; Logic element usage by number of LUT inputs ;        ;
;     -- 4 input functions                    ; 11145  ;
;     -- 3 input functions                    ; 2247   ;
;     -- <=2 input functions                  ; 28     ;
;                                             ;        ;
; Logic elements by mode                      ;        ;
;     -- normal mode                          ; 13392  ;
;     -- arithmetic mode                      ; 28     ;
;                                             ;        ;
; Total registers                             ; 16558  ;
;     -- Dedicated logic registers            ; 16558  ;
;     -- I/O registers                        ; 0      ;
;                                             ;        ;
; I/O pins                                    ; 75     ;
; Total memory bits                           ; 32768  ;
; Maximum fan-out node                        ; clk    ;
; Maximum fan-out                             ; 16574  ;
; Total fan-out                               ; 117883 ;
; Average fan-out                             ; 3.92   ;
+---------------------------------------------+--------+


+----------------------------------------------------------------------------------------------------------------------------------------------------------------------------------------------------------------------------------------------------------------+
; Analysis & Synthesis Resource Utilization by Entity                                                                                                                                                                                                            ;
+-------------------------------------------+-------------------+---------------+-------------+--------------+---------+-----------+------+--------------+----------------------------------------------------------------------------------------+--------------+
; Compilation Hierarchy Node                ; LC Combinationals ; LC Registers  ; Memory Bits ; DSP Elements ; DSP 9x9 ; DSP 18x18 ; Pins ; Virtual Pins ; Full Hierarchy Name                                                                    ; Library Name ;
+-------------------------------------------+-------------------+---------------+-------------+--------------+---------+-----------+------+--------------+----------------------------------------------------------------------------------------+--------------+
; |puc251                                   ; 13420 (34)        ; 16558 (0)     ; 32768       ; 0            ; 0       ; 0         ; 75   ; 0            ; |puc251                                                                                ; work         ;
;    |ALU:inst|                             ; 93 (75)           ; 0 (0)         ; 0           ; 0            ; 0       ; 0         ; 0    ; 0            ; |puc251|ALU:inst                                                                       ;              ;
;       |lpm_add_sub:Add0|                  ; 18 (0)            ; 0 (0)         ; 0           ; 0            ; 0       ; 0         ; 0    ; 0            ; |puc251|ALU:inst|lpm_add_sub:Add0                                                      ;              ;
;          |add_sub_rpi:auto_generated|     ; 18 (18)           ; 0 (0)         ; 0           ; 0            ; 0       ; 0         ; 0    ; 0            ; |puc251|ALU:inst|lpm_add_sub:Add0|add_sub_rpi:auto_generated                           ;              ;
;    |Wreg:inst2|                           ; 8 (8)             ; 8 (8)         ; 0           ; 0            ; 0       ; 0         ; 0    ; 0            ; |puc251|Wreg:inst2                                                                     ;              ;
;    |busmux:inst10|                        ; 24 (0)            ; 0 (0)         ; 0           ; 0            ; 0       ; 0         ; 0    ; 0            ; |puc251|busmux:inst10                                                                  ;              ;
;       |lpm_mux:$00000|                    ; 24 (0)            ; 0 (0)         ; 0           ; 0            ; 0       ; 0         ; 0    ; 0            ; |puc251|busmux:inst10|lpm_mux:$00000                                                   ;              ;
;          |mux_smc:auto_generated|         ; 24 (24)           ; 0 (0)         ; 0           ; 0            ; 0       ; 0         ; 0    ; 0            ; |puc251|busmux:inst10|lpm_mux:$00000|mux_smc:auto_generated                            ;              ;
;    |busmux:inst7|                         ; 11 (0)            ; 0 (0)         ; 0           ; 0            ; 0       ; 0         ; 0    ; 0            ; |puc251|busmux:inst7                                                                   ;              ;
;       |lpm_mux:$00000|                    ; 11 (0)            ; 0 (0)         ; 0           ; 0            ; 0       ; 0         ; 0    ; 0            ; |puc251|busmux:inst7|lpm_mux:$00000                                                    ;              ;
;          |mux_smc:auto_generated|         ; 11 (11)           ; 0 (0)         ; 0           ; 0            ; 0       ; 0         ; 0    ; 0            ; |puc251|busmux:inst7|lpm_mux:$00000|mux_smc:auto_generated                             ;              ;
;    |control:inst14|                       ; 57 (57)           ; 3 (3)         ; 0           ; 0            ; 0       ; 0         ; 0    ; 0            ; |puc251|control:inst14                                                                 ; work         ;
;    |lpm_rom0:inst15|                      ; 0 (0)             ; 0 (0)         ; 32768       ; 0            ; 0       ; 0         ; 0    ; 0            ; |puc251|lpm_rom0:inst15                                                                ; work         ;
;       |altsyncram:altsyncram_component|   ; 0 (0)             ; 0 (0)         ; 32768       ; 0            ; 0       ; 0         ; 0    ; 0            ; |puc251|lpm_rom0:inst15|altsyncram:altsyncram_component                                ;              ;
;          |altsyncram_0371:auto_generated| ; 0 (0)             ; 0 (0)         ; 32768       ; 0            ; 0       ; 0         ; 0    ; 0            ; |puc251|lpm_rom0:inst15|altsyncram:altsyncram_component|altsyncram_0371:auto_generated ; work         ;
;    |port_io:inst6|                        ; 31 (31)           ; 16 (16)       ; 0           ; 0            ; 0       ; 0         ; 0    ; 0            ; |puc251|port_io:inst6                                                                  ;              ;
;    |port_io:inst8|                        ; 28 (28)           ; 16 (16)       ; 0           ; 0            ; 0       ; 0         ; 0    ; 0            ; |puc251|port_io:inst8                                                                  ;              ;
;    |prog_cnt:inst4|                       ; 33 (33)           ; 11 (11)       ; 0           ; 0            ; 0       ; 0         ; 0    ; 0            ; |puc251|prog_cnt:inst4                                                                 ; work         ;
;    |ram_2048x8:inst5|                     ; 12996 (12996)     ; 16384 (16384) ; 0           ; 0            ; 0       ; 0         ; 0    ; 0            ; |puc251|ram_2048x8:inst5                                                               ;              ;
;    |reg_bank:inst1|                       ; 16 (16)           ; 32 (32)       ; 0           ; 0            ; 0       ; 0         ; 0    ; 0            ; |puc251|reg_bank:inst1                                                                 ; work         ;
;    |stack:inst3|                          ; 89 (89)           ; 88 (88)       ; 0           ; 0            ; 0       ; 0         ; 0    ; 0            ; |puc251|stack:inst3                                                                    ; work         ;
+-------------------------------------------+-------------------+---------------+-------------+--------------+---------+-----------+------+--------------+----------------------------------------------------------------------------------------+--------------+
Note: For table entries with two numbers listed, the numbers in parentheses indicate the number of resources of the given type used by the specific entity alone. The numbers listed outside of parentheses indicate the total resources of the given type used by the specific entity and all of its sub-entities in the hierarchy.


+------------------------------------------------------------------------------------------------------------------------------------------------------------------------------------------+
; Analysis & Synthesis RAM Summary                                                                                                                                                         ;
+-------------------------------------------------------------------------------------------+------+------+--------------+--------------+--------------+--------------+-------+------------+
; Name                                                                                      ; Type ; Mode ; Port A Depth ; Port A Width ; Port B Depth ; Port B Width ; Size  ; MIF        ;
+-------------------------------------------------------------------------------------------+------+------+--------------+--------------+--------------+--------------+-------+------------+
; lpm_rom0:inst15|altsyncram:altsyncram_component|altsyncram_0371:auto_generated|ALTSYNCRAM ; AUTO ; ROM  ; 2048         ; 16           ; --           ; --           ; 32768 ; puc251.mif ;
+-------------------------------------------------------------------------------------------+------+------+--------------+--------------+--------------+--------------+-------+------------+


Encoding Type:  One-Hot
+-----------------------------------------------------------------------------------+
; State Machine - |puc251|control:inst14|pres_state                                 ;
+-----------------------+-----------------------+------------------+----------------+
; Name                  ; pres_state.fet_dec_ex ; pres_state.fetch ; pres_state.rst ;
+-----------------------+-----------------------+------------------+----------------+
; pres_state.rst        ; 0                     ; 0                ; 0              ;
; pres_state.fetch      ; 0                     ; 1                ; 1              ;
; pres_state.fet_dec_ex ; 1                     ; 0                ; 1              ;
+-----------------------+-----------------------+------------------+----------------+


+---------------------------------------------------------------------------------------------------------+
; User-Specified and Inferred Latches                                                                     ;
+-----------------------------------------------------+--------------------------+------------------------+
; Latch Name                                          ; Latch Enable Signal      ; Free of Timing Hazards ;
+-----------------------------------------------------+--------------------------+------------------------+
; control:inst14|next_state.fet_dec_ex_196            ; control:inst14|Selector8 ; yes                    ;
; control:inst14|next_state.fetch_220                 ; control:inst14|Selector8 ; yes                    ;
; port_io:inst8|latch[7]                              ; port_io:inst8|latch[7]   ; yes                    ;
; port_io:inst6|latch[7]                              ; port_io:inst6|latch[7]   ; yes                    ;
; port_io:inst8|latch[0]                              ; port_io:inst8|latch[0]   ; yes                    ;
; port_io:inst6|latch[0]                              ; port_io:inst6|latch[0]   ; yes                    ;
; port_io:inst8|latch[6]                              ; port_io:inst8|latch[6]   ; yes                    ;
; port_io:inst6|latch[6]                              ; port_io:inst6|latch[6]   ; yes                    ;
; port_io:inst8|latch[1]                              ; port_io:inst8|latch[1]   ; yes                    ;
; port_io:inst6|latch[1]                              ; port_io:inst6|latch[1]   ; yes                    ;
; port_io:inst8|latch[2]                              ; port_io:inst8|latch[2]   ; yes                    ;
; port_io:inst6|latch[2]                              ; port_io:inst6|latch[2]   ; yes                    ;
; port_io:inst8|latch[3]                              ; port_io:inst8|latch[3]   ; yes                    ;
; port_io:inst6|latch[3]                              ; port_io:inst6|latch[3]   ; yes                    ;
; port_io:inst8|latch[4]                              ; port_io:inst8|latch[4]   ; yes                    ;
; port_io:inst6|latch[4]                              ; port_io:inst6|latch[4]   ; yes                    ;
; port_io:inst8|latch[5]                              ; port_io:inst8|latch[5]   ; yes                    ;
; port_io:inst6|latch[5]                              ; port_io:inst6|latch[5]   ; yes                    ;
; control:inst14|next_state.rst_240                   ; control:inst14|Mux64     ; yes                    ;
; Number of user-specified and inferred latches = 19  ;                          ;                        ;
+-----------------------------------------------------+--------------------------+------------------------+
Note: All latches listed above may not be present at the end of synthesis due to various synthesis optimizations.


+------------------------------------------------------+
; General Register Statistics                          ;
+----------------------------------------------+-------+
; Statistic                                    ; Value ;
+----------------------------------------------+-------+
; Total registers                              ; 16558 ;
; Number of registers using Synchronous Clear  ; 0     ;
; Number of registers using Synchronous Load   ; 8     ;
; Number of registers using Asynchronous Clear ; 16558 ;
; Number of registers using Asynchronous Load  ; 0     ;
; Number of registers using Clock Enable       ; 16541 ;
; Number of registers using Preset             ; 0     ;
+----------------------------------------------+-------+


+------------------------------------------------------------------------------------------------------------------------------------------------------------------------------------------+
; Multiplexer Restructuring Statistics (Restructuring Performed)                                                                                                                           ;
+--------------------+-----------+---------------+----------------------+------------------------+------------+----------------------------------------------------------------------------+
; Multiplexer Inputs ; Bus Width ; Baseline Area ; Area if Restructured ; Saving if Restructured ; Registered ; Example Multiplexer Output                                                 ;
+--------------------+-----------+---------------+----------------------+------------------------+------------+----------------------------------------------------------------------------+
; 3:1                ; 11 bits   ; 22 LEs        ; 11 LEs               ; 11 LEs                 ; Yes        ; |puc251|stack:inst3|R7[10]                                                 ;
; 3:1                ; 77 bits   ; 154 LEs       ; 77 LEs               ; 77 LEs                 ; Yes        ; |puc251|stack:inst3|R4[10]                                                 ;
; 3:1                ; 2 bits    ; 4 LEs         ; 2 LEs                ; 2 LEs                  ; No         ; |puc251|control:inst14|flag_v_wr_ena                                       ;
; 4:1                ; 11 bits   ; 22 LEs        ; 22 LEs               ; 0 LEs                  ; No         ; |puc251|prog_cnt:inst4|Mux0                                                ;
; 3:1                ; 4 bits    ; 8 LEs         ; 4 LEs                ; 4 LEs                  ; No         ; |puc251|control:inst14|inp                                                 ;
; 4:1                ; 3 bits    ; 6 LEs         ; 3 LEs                ; 3 LEs                  ; No         ; |puc251|control:inst14|Mux33                                               ;
; 5:1                ; 8 bits    ; 24 LEs        ; 24 LEs               ; 0 LEs                  ; No         ; |puc251|busmux:inst10|lpm_mux:$00000|mux_smc:auto_generated|result_node[0] ;
; 12:1               ; 6 bits    ; 48 LEs        ; 36 LEs               ; 12 LEs                 ; No         ; |puc251|ALU:inst|Mux2                                                      ;
; 1:1                ; 9 bits    ; 0 LEs         ; 0 LEs                ; 0 LEs                  ; No         ; |puc251|ALU:inst|Add1                                                      ;
; 2048:1             ; 8 bits    ; 10920 LEs     ; 10920 LEs            ; 0 LEs                  ; No         ; |puc251|ram_2048x8:inst5|Mux7                                              ;
+--------------------+-----------+---------------+----------------------+------------------------+------------+----------------------------------------------------------------------------+


+-------------------------------------------------------------------------------------------------------+
; Source assignments for lpm_rom0:inst15|altsyncram:altsyncram_component|altsyncram_0371:auto_generated ;
+---------------------------------+--------------------+------+-----------------------------------------+
; Assignment                      ; Value              ; From ; To                                      ;
+---------------------------------+--------------------+------+-----------------------------------------+
; OPTIMIZE_POWER_DURING_SYNTHESIS ; NORMAL_COMPILATION ; -    ; -                                       ;
+---------------------------------+--------------------+------+-----------------------------------------+


+----------------------------------------------------------------------------------------------+
; Parameter Settings for User Entity Instance: lpm_rom0:inst15|altsyncram:altsyncram_component ;
+------------------------------------+----------------------+----------------------------------+
; Parameter Name                     ; Value                ; Type                             ;
+------------------------------------+----------------------+----------------------------------+
; BYTE_SIZE_BLOCK                    ; 8                    ; Untyped                          ;
; AUTO_CARRY_CHAINS                  ; ON                   ; AUTO_CARRY                       ;
; IGNORE_CARRY_BUFFERS               ; OFF                  ; IGNORE_CARRY                     ;
; AUTO_CASCADE_CHAINS                ; ON                   ; AUTO_CASCADE                     ;
; IGNORE_CASCADE_BUFFERS             ; OFF                  ; IGNORE_CASCADE                   ;
; WIDTH_BYTEENA                      ; 1                    ; Untyped                          ;
; OPERATION_MODE                     ; ROM                  ; Untyped                          ;
; WIDTH_A                            ; 16                   ; Signed Integer                   ;
; WIDTHAD_A                          ; 11                   ; Signed Integer                   ;
; NUMWORDS_A                         ; 2048                 ; Signed Integer                   ;
; OUTDATA_REG_A                      ; CLOCK0               ; Untyped                          ;
; ADDRESS_ACLR_A                     ; NONE                 ; Untyped                          ;
; OUTDATA_ACLR_A                     ; NONE                 ; Untyped                          ;
; WRCONTROL_ACLR_A                   ; NONE                 ; Untyped                          ;
; INDATA_ACLR_A                      ; NONE                 ; Untyped                          ;
; BYTEENA_ACLR_A                     ; NONE                 ; Untyped                          ;
; WIDTH_B                            ; 1                    ; Untyped                          ;
; WIDTHAD_B                          ; 1                    ; Untyped                          ;
; NUMWORDS_B                         ; 1                    ; Untyped                          ;
; INDATA_REG_B                       ; CLOCK1               ; Untyped                          ;
; WRCONTROL_WRADDRESS_REG_B          ; CLOCK1               ; Untyped                          ;
; RDCONTROL_REG_B                    ; CLOCK1               ; Untyped                          ;
; ADDRESS_REG_B                      ; CLOCK1               ; Untyped                          ;
; OUTDATA_REG_B                      ; UNREGISTERED         ; Untyped                          ;
; BYTEENA_REG_B                      ; CLOCK1               ; Untyped                          ;
; INDATA_ACLR_B                      ; NONE                 ; Untyped                          ;
; WRCONTROL_ACLR_B                   ; NONE                 ; Untyped                          ;
; ADDRESS_ACLR_B                     ; NONE                 ; Untyped                          ;
; OUTDATA_ACLR_B                     ; NONE                 ; Untyped                          ;
; RDCONTROL_ACLR_B                   ; NONE                 ; Untyped                          ;
; BYTEENA_ACLR_B                     ; NONE                 ; Untyped                          ;
; WIDTH_BYTEENA_A                    ; 1                    ; Signed Integer                   ;
; WIDTH_BYTEENA_B                    ; 1                    ; Untyped                          ;
; RAM_BLOCK_TYPE                     ; AUTO                 ; Untyped                          ;
; BYTE_SIZE                          ; 8                    ; Untyped                          ;
; READ_DURING_WRITE_MODE_MIXED_PORTS ; DONT_CARE            ; Untyped                          ;
; READ_DURING_WRITE_MODE_PORT_A      ; NEW_DATA_NO_NBE_READ ; Untyped                          ;
; READ_DURING_WRITE_MODE_PORT_B      ; NEW_DATA_NO_NBE_READ ; Untyped                          ;
; INIT_FILE                          ; puc251.mif           ; Untyped                          ;
; INIT_FILE_LAYOUT                   ; PORT_A               ; Untyped                          ;
; MAXIMUM_DEPTH                      ; 0                    ; Untyped                          ;
; CLOCK_ENABLE_INPUT_A               ; BYPASS               ; Untyped                          ;
; CLOCK_ENABLE_INPUT_B               ; NORMAL               ; Untyped                          ;
; CLOCK_ENABLE_OUTPUT_A              ; BYPASS               ; Untyped                          ;
; CLOCK_ENABLE_OUTPUT_B              ; NORMAL               ; Untyped                          ;
; CLOCK_ENABLE_CORE_A                ; USE_INPUT_CLKEN      ; Untyped                          ;
; CLOCK_ENABLE_CORE_B                ; USE_INPUT_CLKEN      ; Untyped                          ;
; ENABLE_ECC                         ; FALSE                ; Untyped                          ;
; DEVICE_FAMILY                      ; Cyclone II           ; Untyped                          ;
; CBXI_PARAMETER                     ; altsyncram_0371      ; Untyped                          ;
+------------------------------------+----------------------+----------------------------------+
Note: In order to hide this table in the UI and the text report file, please set the "Show Parameter Settings Tables in Synthesis Report" option in "Analysis and Synthesis Settings -> More Settings" to "Off".


+-----------------------------------------------------------+
; Parameter Settings for User Entity Instance: BUSMUX:inst7 ;
+----------------+-------+----------------------------------+
; Parameter Name ; Value ; Type                             ;
+----------------+-------+----------------------------------+
; WIDTH          ; 8     ; Untyped                          ;
+----------------+-------+----------------------------------+
Note: In order to hide this table in the UI and the text report file, please set the "Show Parameter Settings Tables in Synthesis Report" option in "Analysis and Synthesis Settings -> More Settings" to "Off".


+------------------------------------------------------------+
; Parameter Settings for User Entity Instance: port_io:inst8 ;
+----------------+-------+-----------------------------------+
; Parameter Name ; Value ; Type                              ;
+----------------+-------+-----------------------------------+
; base_addr      ; 00    ; Unsigned Hexadecimal              ;
+----------------+-------+-----------------------------------+
Note: In order to hide this table in the UI and the text report file, please set the "Show Parameter Settings Tables in Synthesis Report" option in "Analysis and Synthesis Settings -> More Settings" to "Off".


+-----------------------------------------------------------+
; Parameter Settings for User Entity Instance: BUSMUX:inst9 ;
+----------------+-------+----------------------------------+
; Parameter Name ; Value ; Type                             ;
+----------------+-------+----------------------------------+
; WIDTH          ; 8     ; Untyped                          ;
+----------------+-------+----------------------------------+
Note: In order to hide this table in the UI and the text report file, please set the "Show Parameter Settings Tables in Synthesis Report" option in "Analysis and Synthesis Settings -> More Settings" to "Off".


+------------------------------------------------------------+
; Parameter Settings for User Entity Instance: port_io:inst6 ;
+----------------+-------+-----------------------------------+
; Parameter Name ; Value ; Type                              ;
+----------------+-------+-----------------------------------+
; base_addr      ; 02    ; Unsigned Hexadecimal              ;
+----------------+-------+-----------------------------------+
Note: In order to hide this table in the UI and the text report file, please set the "Show Parameter Settings Tables in Synthesis Report" option in "Analysis and Synthesis Settings -> More Settings" to "Off".


+------------------------------------------------------------+
; Parameter Settings for User Entity Instance: BUSMUX:inst13 ;
+----------------+-------+-----------------------------------+
; Parameter Name ; Value ; Type                              ;
+----------------+-------+-----------------------------------+
; WIDTH          ; 8     ; Untyped                           ;
+----------------+-------+-----------------------------------+
Note: In order to hide this table in the UI and the text report file, please set the "Show Parameter Settings Tables in Synthesis Report" option in "Analysis and Synthesis Settings -> More Settings" to "Off".


+------------------------------------------------------------+
; Parameter Settings for User Entity Instance: BUSMUX:inst10 ;
+----------------+-------+-----------------------------------+
; Parameter Name ; Value ; Type                              ;
+----------------+-------+-----------------------------------+
; WIDTH          ; 8     ; Untyped                           ;
+----------------+-------+-----------------------------------+
Note: In order to hide this table in the UI and the text report file, please set the "Show Parameter Settings Tables in Synthesis Report" option in "Analysis and Synthesis Settings -> More Settings" to "Off".


+----------------------------------------------------------------------------+
; Parameter Settings for Inferred Entity Instance: ALU:inst|lpm_add_sub:Add0 ;
+------------------------+-------------+-------------------------------------+
; Parameter Name         ; Value       ; Type                                ;
+------------------------+-------------+-------------------------------------+
; LPM_WIDTH              ; 9           ; Untyped                             ;
; LPM_REPRESENTATION     ; UNSIGNED    ; Untyped                             ;
; LPM_DIRECTION          ; DEFAULT     ; Untyped                             ;
; ONE_INPUT_IS_CONSTANT  ; NO          ; Untyped                             ;
; LPM_PIPELINE           ; 0           ; Untyped                             ;
; MAXIMIZE_SPEED         ; 5           ; Untyped                             ;
; REGISTERED_AT_END      ; 0           ; Untyped                             ;
; OPTIMIZE_FOR_SPEED     ; 5           ; Untyped                             ;
; USE_CS_BUFFERS         ; 1           ; Untyped                             ;
; CARRY_CHAIN            ; MANUAL      ; Untyped                             ;
; CARRY_CHAIN_LENGTH     ; 48          ; CARRY_CHAIN_LENGTH                  ;
; DEVICE_FAMILY          ; Cyclone II  ; Untyped                             ;
; USE_WYS                ; OFF         ; Untyped                             ;
; STYLE                  ; FAST        ; Untyped                             ;
; CBXI_PARAMETER         ; add_sub_rpi ; Untyped                             ;
; AUTO_CARRY_CHAINS      ; ON          ; AUTO_CARRY                          ;
; IGNORE_CARRY_BUFFERS   ; OFF         ; IGNORE_CARRY                        ;
; AUTO_CASCADE_CHAINS    ; ON          ; AUTO_CASCADE                        ;
; IGNORE_CASCADE_BUFFERS ; OFF         ; IGNORE_CASCADE                      ;
+------------------------+-------------+-------------------------------------+
Note: In order to hide this table in the UI and the text report file, please set the "Show Parameter Settings Tables in Synthesis Report" option in "Analysis and Synthesis Settings -> More Settings" to "Off".


+---------------------------------------------------------------------------------------------+
; altsyncram Parameter Settings by Entity Instance                                            ;
+-------------------------------------------+-------------------------------------------------+
; Name                                      ; Value                                           ;
+-------------------------------------------+-------------------------------------------------+
; Number of entity instances                ; 1                                               ;
; Entity Instance                           ; lpm_rom0:inst15|altsyncram:altsyncram_component ;
;     -- OPERATION_MODE                     ; ROM                                             ;
;     -- WIDTH_A                            ; 16                                              ;
;     -- NUMWORDS_A                         ; 2048                                            ;
;     -- OUTDATA_REG_A                      ; CLOCK0                                          ;
;     -- WIDTH_B                            ; 1                                               ;
;     -- NUMWORDS_B                         ; 1                                               ;
;     -- ADDRESS_REG_B                      ; CLOCK1                                          ;
;     -- OUTDATA_REG_B                      ; UNREGISTERED                                    ;
;     -- RAM_BLOCK_TYPE                     ; AUTO                                            ;
;     -- READ_DURING_WRITE_MODE_MIXED_PORTS ; DONT_CARE                                       ;
+-------------------------------------------+-------------------------------------------------+


+-------------------------------+
; Analysis & Synthesis Messages ;
+-------------------------------+
Info: *******************************************************************
Info: Running Quartus II Analysis & Synthesis
    Info: Version 9.1 Build 350 03/24/2010 Service Pack 2 SJ Web Edition
    Info: Processing started: Sun Jun 22 23:47:49 2025
Info: Command: quartus_map --read_settings_files=on --write_settings_files=off puc251 -c puc251
Info: Found 2 design units, including 1 entities, in source file lpm_rom0.vhd
    Info: Found design unit 1: lpm_rom0-SYN
    Info: Found entity 1: lpm_rom0
Info: Found 2 design units, including 1 entities, in source file /users/gabri/downloads/tp1reconfiguraveis/reconfiguraveis/stack/stack.vhd
    Info: Found design unit 1: stack-arch
    Info: Found entity 1: stack
Info: Found 2 design units, including 1 entities, in source file /users/gabri/downloads/tp1reconfiguraveis/reconfiguraveis/prog_cnt/prog_cnt.vhd
    Info: Found design unit 1: prog_cnt-arch
    Info: Found entity 1: prog_cnt
Info: Found 2 design units, including 1 entities, in source file /users/gabri/downloads/tp1reconfiguraveis/reconfiguraveis/wreg/wreg.vhd
    Info: Found design unit 1: Wreg-arch
    Info: Found entity 1: Wreg
Info: Found 2 design units, including 1 entities, in source file /users/gabri/downloads/tp1reconfiguraveis/reconfiguraveis/reg_bank/reg_bank.vhd
    Info: Found design unit 1: reg_bank-arch
    Info: Found entity 1: reg_bank
Info: Found 2 design units, including 1 entities, in source file /users/gabri/downloads/tp1reconfiguraveis/reconfiguraveis/alu/alu.vhd
    Info: Found design unit 1: ALU-arch
    Info: Found entity 1: ALU
Info: Found 2 design units, including 1 entities, in source file /users/gabri/downloads/tp1reconfiguraveis/reconfiguraveis/port_io/port_io.vhd
    Info: Found design unit 1: port_io-arch
    Info: Found entity 1: port_io
Info: Found 2 design units, including 1 entities, in source file /users/gabri/downloads/tp1reconfiguraveis/reconfiguraveis/ram_2048x8/ram_2048x8.vhd
    Info: Found design unit 1: ram_2048x8-arch
    Info: Found entity 1: ram_2048x8
Info: Found 2 design units, including 1 entities, in source file control.vhd
    Info: Found design unit 1: control-arch
    Info: Found entity 1: control
Info: Found 1 design units, including 1 entities, in source file puc251.bdf
    Info: Found entity 1: puc251
Info: Found 2 design units, including 1 entities, in source file display.vhd
    Info: Found design unit 1: display-arch
    Info: Found entity 1: display
Info: Elaborating entity "puc251" for the top level hierarchy
Warning: Pin "Wreg_to_RA_sel" is missing source
Info: Elaborating entity "ALU" for hierarchy "ALU:inst"
Info: Elaborating entity "reg_bank" for hierarchy "reg_bank:inst1"
Info: Elaborating entity "control" for hierarchy "control:inst14"
Warning (10631): VHDL Process Statement warning at control.vhd(44): inferring latch(es) for signal or variable "next_state", which holds its previous value in one or more paths through the process
Info (10041): Inferred latch for "next_state.fet_dec_ex" at control.vhd(44)
Info (10041): Inferred latch for "next_state.fetch" at control.vhd(44)
Info (10041): Inferred latch for "next_state.rst" at control.vhd(44)
Info: Elaborating entity "lpm_rom0" for hierarchy "lpm_rom0:inst15"
Info: Elaborating entity "altsyncram" for hierarchy "lpm_rom0:inst15|altsyncram:altsyncram_component"
Info: Elaborated megafunction instantiation "lpm_rom0:inst15|altsyncram:altsyncram_component"
Info: Instantiated megafunction "lpm_rom0:inst15|altsyncram:altsyncram_component" with the following parameter:
    Info: Parameter "clock_enable_input_a" = "BYPASS"
    Info: Parameter "clock_enable_output_a" = "BYPASS"
    Info: Parameter "init_file" = "puc251.mif"
    Info: Parameter "intended_device_family" = "Cyclone II"
    Info: Parameter "lpm_hint" = "ENABLE_RUNTIME_MOD=NO"
    Info: Parameter "lpm_type" = "altsyncram"
    Info: Parameter "numwords_a" = "2048"
    Info: Parameter "operation_mode" = "ROM"
    Info: Parameter "outdata_aclr_a" = "NONE"
    Info: Parameter "outdata_reg_a" = "CLOCK0"
    Info: Parameter "widthad_a" = "11"
    Info: Parameter "width_a" = "16"
    Info: Parameter "width_byteena_a" = "1"
Info: Found 1 design units, including 1 entities, in source file db/altsyncram_0371.tdf
    Info: Found entity 1: altsyncram_0371
Info: Elaborating entity "altsyncram_0371" for hierarchy "lpm_rom0:inst15|altsyncram:altsyncram_component|altsyncram_0371:auto_generated"
Info: Elaborating entity "prog_cnt" for hierarchy "prog_cnt:inst4"
Info: Elaborating entity "stack" for hierarchy "stack:inst3"
Info: Elaborating entity "BUSMUX" for hierarchy "BUSMUX:inst7"
Info: Elaborated megafunction instantiation "BUSMUX:inst7"
Info: Instantiated megafunction "BUSMUX:inst7" with the following parameter:
    Info: Parameter "WIDTH" = "8"
Info: Elaborating entity "lpm_mux" for hierarchy "BUSMUX:inst7|lpm_mux:$00000"
Info: Elaborated megafunction instantiation "BUSMUX:inst7|lpm_mux:$00000", which is child of megafunction instantiation "BUSMUX:inst7"
Info: Found 1 design units, including 1 entities, in source file db/mux_smc.tdf
    Info: Found entity 1: mux_smc
Info: Elaborating entity "mux_smc" for hierarchy "BUSMUX:inst7|lpm_mux:$00000|mux_smc:auto_generated"
Info: Elaborating entity "ram_2048x8" for hierarchy "ram_2048x8:inst5"
Info: Elaborating entity "port_io" for hierarchy "port_io:inst8"
Warning (10631): VHDL Process Statement warning at port_io.vhd(65): inferring latch(es) for signal or variable "latch", which holds its previous value in one or more paths through the process
Info (10041): Inferred latch for "latch[0]" at port_io.vhd(65)
Info (10041): Inferred latch for "latch[1]" at port_io.vhd(65)
Info (10041): Inferred latch for "latch[2]" at port_io.vhd(65)
Info (10041): Inferred latch for "latch[3]" at port_io.vhd(65)
Info (10041): Inferred latch for "latch[4]" at port_io.vhd(65)
Info (10041): Inferred latch for "latch[5]" at port_io.vhd(65)
Info (10041): Inferred latch for "latch[6]" at port_io.vhd(65)
Info (10041): Inferred latch for "latch[7]" at port_io.vhd(65)
Info: Elaborating entity "Wreg" for hierarchy "Wreg:inst2"
Info: Elaborating entity "port_io" for hierarchy "port_io:inst6"
Warning (10631): VHDL Process Statement warning at port_io.vhd(65): inferring latch(es) for signal or variable "latch", which holds its previous value in one or more paths through the process
Info (10041): Inferred latch for "latch[0]" at port_io.vhd(65)
Info (10041): Inferred latch for "latch[1]" at port_io.vhd(65)
Info (10041): Inferred latch for "latch[2]" at port_io.vhd(65)
Info (10041): Inferred latch for "latch[3]" at port_io.vhd(65)
Info (10041): Inferred latch for "latch[4]" at port_io.vhd(65)
Info (10041): Inferred latch for "latch[5]" at port_io.vhd(65)
Info (10041): Inferred latch for "latch[6]" at port_io.vhd(65)
Info (10041): Inferred latch for "latch[7]" at port_io.vhd(65)
Info: Inferred 1 megafunctions from design logic
    Info: Inferred adder/subtractor megafunction ("lpm_add_sub") from the following logic: "ALU:inst|Add0"
Info: Elaborated megafunction instantiation "ALU:inst|lpm_add_sub:Add0"
Info: Instantiated megafunction "ALU:inst|lpm_add_sub:Add0" with the following parameter:
    Info: Parameter "LPM_WIDTH" = "9"
    Info: Parameter "LPM_DIRECTION" = "DEFAULT"
    Info: Parameter "LPM_REPRESENTATION" = "UNSIGNED"
    Info: Parameter "ONE_INPUT_IS_CONSTANT" = "NO"
Info: Found 1 design units, including 1 entities, in source file db/add_sub_rpi.tdf
    Info: Found entity 1: add_sub_rpi
Warning: Removed fan-outs from the following always-disabled I/O buffers
    Warning: Removed fan-out from the always-disabled I/O buffer "inst12[7]" to the node "busmux:inst7|lpm_mux:$00000|mux_smc:auto_generated|result_node[7]"
    Warning: Removed fan-out from the always-disabled I/O buffer "inst12[6]" to the node "busmux:inst7|lpm_mux:$00000|mux_smc:auto_generated|result_node[6]"
    Warning: Removed fan-out from the always-disabled I/O buffer "inst12[5]" to the node "busmux:inst7|lpm_mux:$00000|mux_smc:auto_generated|result_node[5]"
    Warning: Removed fan-out from the always-disabled I/O buffer "inst12[4]" to the node "busmux:inst7|lpm_mux:$00000|mux_smc:auto_generated|result_node[4]"
    Warning: Removed fan-out from the always-disabled I/O buffer "inst12[3]" to the node "busmux:inst7|lpm_mux:$00000|mux_smc:auto_generated|result_node[3]"
    Warning: Removed fan-out from the always-disabled I/O buffer "inst12[2]" to the node "busmux:inst7|lpm_mux:$00000|mux_smc:auto_generated|result_node[2]"
    Warning: Removed fan-out from the always-disabled I/O buffer "inst12[1]" to the node "busmux:inst7|lpm_mux:$00000|mux_smc:auto_generated|result_node[1]"
    Warning: Removed fan-out from the always-disabled I/O buffer "inst12[0]" to the node "busmux:inst7|lpm_mux:$00000|mux_smc:auto_generated|result_node[0]"
Warning: Tri-state node(s) do not directly drive top-level pin(s)
    Warning: Converted the fan-out from the tri-state buffer "inst11[7]" to the node "busmux:inst7|lpm_mux:$00000|mux_smc:auto_generated|result_node[7]" into an OR gate
    Warning: Converted the fan-out from the tri-state buffer "inst11[6]" to the node "busmux:inst7|lpm_mux:$00000|mux_smc:auto_generated|result_node[6]" into an OR gate
    Warning: Converted the fan-out from the tri-state buffer "inst11[5]" to the node "busmux:inst7|lpm_mux:$00000|mux_smc:auto_generated|result_node[5]" into an OR gate
    Warning: Converted the fan-out from the tri-state buffer "inst11[4]" to the node "busmux:inst7|lpm_mux:$00000|mux_smc:auto_generated|result_node[4]" into an OR gate
    Warning: Converted the fan-out from the tri-state buffer "inst11[3]" to the node "busmux:inst7|lpm_mux:$00000|mux_smc:auto_generated|result_node[3]" into an OR gate
    Warning: Converted the fan-out from the tri-state buffer "inst11[2]" to the node "busmux:inst7|lpm_mux:$00000|mux_smc:auto_generated|result_node[2]" into an OR gate
    Warning: Converted the fan-out from the tri-state buffer "inst11[1]" to the node "busmux:inst7|lpm_mux:$00000|mux_smc:auto_generated|result_node[1]" into an OR gate
    Warning: Converted the fan-out from the tri-state buffer "inst11[0]" to the node "busmux:inst7|lpm_mux:$00000|mux_smc:auto_generated|result_node[0]" into an OR gate
Warning: Latch control:inst14|next_state.fet_dec_ex_196 has unsafe behavior
    Warning: Ports D and ENA on the latch are fed by the same signal control:inst14|pres_state.fet_dec_ex
Warning: Latch control:inst14|next_state.fetch_220 has unsafe behavior
    Warning: Ports D and ENA on the latch are fed by the same signal lpm_rom0:inst15|altsyncram:altsyncram_component|altsyncram_0371:auto_generated|q_a[14]
Warning: Latch control:inst14|next_state.rst_240 has unsafe behavior
    Warning: Ports D and ENA on the latch are fed by the same signal lpm_rom0:inst15|altsyncram:altsyncram_component|altsyncram_0371:auto_generated|q_a[14]
Warning: Output pins are stuck at VCC or GND
    Warning (13410): Pin "alu_to_gpio_sel" is stuck at GND
    Warning (13410): Pin "Sel_RA_ou_Wreg" is stuck at GND
    Warning (13410): Pin "Wreg_to_RA_sel" is stuck at GND
Info: Implemented 29977 device resources after synthesis - the final resource count might be different
    Info: Implemented 2 input pins
    Info: Implemented 57 output pins
    Info: Implemented 16 bidirectional pins
    Info: Implemented 29886 logic cells
    Info: Implemented 16 RAM segments
Info: Quartus II Analysis & Synthesis was successful. 0 errors, 32 warnings
    Info: Peak virtual memory: 308 megabytes
    Info: Processing ended: Sun Jun 22 23:48:28 2025
    Info: Elapsed time: 00:00:39
    Info: Total CPU time (on all processors): 00:00:41


